// Jest Snapshot v1, https://goo.gl/fbAQLP

exports[`Agent show page Renders the Agent show page 1`] = `
<DocumentFragment>
  <div
    class="PodBrowser-container"
  >
    <nav
      class="PodBrowser-back-to-nav"
    >
      <span
        class="PodBrowser-icon-caret-left PodBrowser-back-to-nav__caret"
      />
      <a
        class="PodBrowser-back-to-nav__link"
        href="/privacy"
      >
        Back to privacy
      </a>
    </nav>
  </div>
  <div
    class="PodBrowser-container"
  >
    <div
      class="PodBrowser-root PodBrowser-elevation1 PodBrowser-rounded"
      style="margin-top: 1em;"
    >
      <div
        class="PodBrowser-root PodBrowser-root"
      >
        <div
          class="PodBrowser-root PodBrowser-root"
        >
          <div
            class="PodBrowser-root PodBrowser-root"
          >
            <div
              class="PodBrowser-root PodBrowser-circle PodBrowser-avatar PodBrowser-colorDefault"
            >
              <svg
                aria-hidden="true"
                class="PodBrowser-root PodBrowser-fallback"
                focusable="false"
                viewBox="0 0 24 24"
              >
                <path
                  d="M12 12c2.21 0 4-1.79 4-4s-1.79-4-4-4-4 1.79-4 4 1.79 4 4 4zm0 2c-2.67 0-8 1.34-8 4v2h16v-2c0-2.66-5.33-4-8-4z"
                />
              </svg>
            </div>
            <input
              accept="image/*"
              class="PodBrowser-avatarInput"
              id="picture-upload-input-label"
              type="file"
            />
            <div
              class="PodBrowser-labelContainer"
            >
              <svg
                aria-hidden="true"
                class="PodBrowser-root PodBrowser-removeIcon"
                focusable="false"
                viewBox="0 0 24 24"
              >
                <path
                  d="M19 6.41L17.59 5 12 10.59 6.41 5 5 6.41 10.59 12 5 17.59 6.41 19 12 13.41 17.59 19 19 17.59 13.41 12z"
                />
              </svg>
              <label
                class="PodBrowser-inputLabelRemove"
                data-testid="profile-remove-image"
              >
                Remove Photo
              </label>
            </div>
            <div
              class="PodBrowser-labelContainer"
            >
              <svg
                aria-hidden="true"
                class="PodBrowser-root PodBrowser-uploadIcon"
                focusable="false"
                viewBox="0 0 24 24"
              >
                <path
                  d="M19.35 10.04C18.67 6.59 15.64 4 12 4 9.11 4 6.6 5.64 5.35 8.04 2.34 8.36 0 10.91 0 14c0 3.31 2.69 6 6 6h13c2.76 0 5-2.24 5-5 0-2.64-2.05-4.78-4.65-4.96zM14 13v4h-4v-4H7l5-5 5 5h-3z"
                />
              </svg>
              <label
                class="PodBrowser-inputLabelUpload"
                data-testid="profile-upload-image"
                for="picture-upload-input-label"
              >
                Change Photo
              </label>
            </div>
          </div>
          <div
            class="PodBrowser-root PodBrowser-root"
          >
            <h3
              data-testid="profile-name-title"
            >
              <span
                class="PodBrowser-avatarText"
              >
                Alice
              </span>
              <a
                class="PodBrowser-headerLink"
                href="https://example.com/profile/card#me"
                rel="noreferrer"
                target="_blank"
              >
                http://example.com/webId#me
              </a>
            </h3>
          </div>
        </div>
        <hr />
        <div
          class="PodBrowser-root PodBrowser-root"
        >
          <div
            class="PodBrowser-root PodBrowser-root"
          >
            <label
              class="PodBrowser-root PodBrowser-root PodBrowser-animated"
              data-testid="profile-name-title"
            >
              Name
            </label>
            <span
              data-testid="profile-name-field"
            >
              Alice
            </span>
          </div>
          <div
            class="PodBrowser-root PodBrowser-root"
          >
            <label
              class="PodBrowser-root PodBrowser-root PodBrowser-animated"
            >
              Role
            </label>
            <span>
              Error: No value found for property.
            </span>
          </div>
          <div
            class="PodBrowser-root PodBrowser-root"
          >
            <label
              class="PodBrowser-root PodBrowser-root PodBrowser-animated"
            >
              Organization
            </label>
            <span>
              Error: No value found for property.
            </span>
          </div>
        </div>
        <div
          class="PodBrowser-root PodBrowser-root"
        >
          <label
            class="PodBrowser-root PodBrowser-root PodBrowser-animated"
          >
            Email Addresses
          </label>
          <div
            class="PodBrowser-root PodBrowser-root"
          />
        </div>
        <div
          class="PodBrowser-root PodBrowser-root"
        >
          <label
            class="PodBrowser-root PodBrowser-root PodBrowser-animated"
          >
            Phone Numbers
          </label>
          <div
            class="PodBrowser-root PodBrowser-root"
          />
        </div>
      </div>
    </div>
  </div>
</DocumentFragment>
`;
